Solution found. Number of S tasks completed: 2
Optimal Schedule: 0 -> 1 -> 2