Solution found. Number of S tasks completed: 1
Optimal Schedule: 0 -> 1